// Jest Snapshot v1, https://goo.gl/fbAQLP

exports[`<ButtonAppBar /> should match snapshot 1`] = `
Array [
  " ",
  <div
    className="css-e53awj-MuiStack-root"
    style={
      Object {
        "backgroundColor": "rgba(242, 121, 53, 1)",
        "height": "50px",
        "justifyContent": "flex-end",
      }
    }
  >
    <button
      aria-haspopup="true"
      className="MuiButton-root MuiButton-text MuiButton-textPrimary MuiButton-sizeMedium MuiButton-textSizeMedium MuiButtonBase-root  css-1e6y48t-MuiButtonBase-root-MuiButton-root"
      disabled={false}
      id="composition-button"
      onBlur={[Function]}
      onClick={[Function]}
      onContextMenu={[Function]}
      onDragLeave={[Function]}
      onFocus={[Function]}
      onKeyDown={[Function]}
      onKeyUp={[Function]}
      onMouseDown={[Function]}
      onMouseLeave={[Function]}
      onMouseUp={[Function]}
      onTouchEnd={[Function]}
      onTouchMove={[Function]}
      onTouchStart={[Function]}
      tabIndex={0}
      type="button"
    >
      <svg
        aria-hidden={true}
        className="MuiSvgIcon-root MuiSvgIcon-fontSizeMedium css-i4bv87-MuiSvgIcon-root"
        data-testid="MenuIcon"
        focusable="false"
        style={
          Object {
            "color": "#282c34",
          }
        }
        viewBox="0 0 24 24"
      >
        <path
          d="M3 18h18v-2H3v2zm0-5h18v-2H3v2zm0-7v2h18V6H3z"
        />
      </svg>
    </button>
  </div>,
  " ",
]
`;
